// Jest Snapshot v1, https://goo.gl/fbAQLP

exports[`Pruebas en  <GiftExpertApp/> deberia hacer match con el snapshot de <GiftExpertApp/>  1`] = `
<div>
  <h1>
    Gift Toshi App
  </h1>
  <p>
    Solo se mostraran 4 gifs
  </p>
  <form
    aria-label="form"
  >
    <input
      placeholder="Buscar Gift"
      type="text"
      value=""
    />
  </form>
  <h3>
    Pok√©mon
  </h3>
  <h2>
    Cargando...
  </h2>
  <div
    class="card-grid"
  />
  <h3>
    Dragon Ball
  </h3>
  <h2>
    Cargando...
  </h2>
  <div
    class="card-grid"
  />
</div>
`;
