// Jest Snapshot v1, https://goo.gl/fbAQLP

exports[`Pruebas en GifItem Debe hacer match con el snapshot  1`] = `
<div>
  <div
    class="card"
  >
    <img
      alt="Tutulo"
      src="https://prueba-de-url.com/titulo.jpg"
    />
    <p>
      Tutulo
    </p>
  </div>
</div>
`;
